
> temp_project@0.0.0 build
> tsc -b && vite build

src/pages/auth/LoginPage.tsx(4,56): error TS6133: 'Wifi' is declared but its value is never read.
