src/contexts/ToastContext.tsx(1,8): error TS6133: 'React' is declared but its value is never read.
src/pages/expenses/ExpenseListPage.tsx(8,38): error TS6133: 'cn' is declared but its value is never read.
src/pages/income/IncomeListPage.tsx(8,38): error TS6133: 'cn' is declared but its value is never read.
src/pages/reports/CategoryBreakdownChart.tsx(45,37): error TS2322: Type 'CategoryData[]' is not assignable to type 'ChartDataInput[]'.
  Type 'CategoryData' is not assignable to type 'ChartDataInput'.
    Index signature for type 'string' is missing in type 'CategoryData'.
src/pages/settings/SettingsPage.tsx(2,16): error TS6133: 'Loader2' is declared but its value is never read.
src/pages/settings/SettingsPage.tsx(9,16): error TS6133: 'CardHeader' is declared but its value is never read.
src/pages/settings/SettingsPage.tsx(9,28): error TS6133: 'CardTitle' is declared but its value is never read.
src/pages/settings/SettingsPage.tsx(9,39): error TS6133: 'CardContent' is declared but its value is never read.
